Старик, измученный тоской.
Все четверо выходят вместе;
Руслан уныньем как убит;
Мысль о потерянной невесте
Его терзает и мертвит.
Садятся на коней ретивых;
Вдоль берегов Днепра счастливых
Летят в клубящейся пыли;
Уже скрываются вдали;
Уж всадников не видно боле...
Но долго всё еще глядит
Великий князь в пустое поле
И думой им вослед летит.
Руслан томился молчаливо,
И смысл и память потеряв.
Через плечо глядя спесиво
И важно подбочась, Фарлаф,
Надувшись, ехал за Русланом.
Он говорит: «Насилу я
На волю вырвался, друзья!
Ну, скоро ль встречусь с великаном?
Уж то-то крови будет течь,
Уж то-то жертв любви ревнивой!
Повеселись, мой верный меч,
Повеселись, мой конь ретивый!»
Хазарский хан, в уме своем
Уже Людмилу обнимая,
Едва не пляшет над седлом;
В нем кровь играет молодая,
Огня надежды полон взор:
То скачет он во весь опор,
То дразнит бегуна лихого,
Кружит, подъемлет на дыбы
Иль дерзко мчит на холмы снова.
Рогдай угрюм, молчит — ни слова...
Страшась неведомой судьбы
И мучась ревностью напрасной,
Всех больше беспокоен он,
И часто взор его ужасный
На князя мрачно устремлен.
Соперники одной дорогой
Все вместе едут целый день.
Днепра стал темен брег отлогий;
С востока льется ночи тень;
Туманы над Днепром глубоким;
Пора коням их отдохнуть.
Вот под горой путем широким
Широкий пересекся путь.
«Разъедемся, пора! — сказали, —
Безвестной вверимся судьбе».
И каждый конь, не чуя стали,
По воле путь избрал себе.
Что делаешь, Руслан несчастный,
Один в пустынной тишине?
Людмилу, свадьбы день ужасный,
Всё, мнится, видел ты во сне.
На брови медный шлем надвинув,
Из мощных рук узду покинув,
Ты шагом едешь меж полей,
И медленно в душе твоей
Надежда гибнет, гаснет вера.
Но вдруг пред витязем пещера;
В пещере свет. Он прямо к ней
Идет под дремлющие своды,
Ровесники самой природы.
Вошел с уныньем: что же зрит?
В пещере старец; ясный вид,